// Jest Snapshot v1, https://goo.gl/fbAQLP

exports[`ScrollPanel ScrollPanel full settings 1`] = `
<div>
  <div
    class="p-scrollpanel p-component jest"
    id="scrollpanel"
    style="width: 100%; height: 200px;"
  >
    <div
      class="p-scrollpanel-wrapper"
    >
      <div
        class="p-scrollpanel-content"
      >
        <div
          style="padding: 1em; line-height: 1.5;"
        >
          The story begins as Don Vito Corleone, the head of a New York Mafia family, oversees his daughter's wedding. His beloved son Michael has just come home from the war, but does not intend to become part of his father's business. Through Michael's life the nature of the family business becomes clear. The business of the family is just like the head of the family, kind and benevolent to those who give respect, but given to ruthless violence whenever anything stands against the good of the family. The story begins as Don Vito Corleone, the head of a New York Mafia family, oversees his daughter's wedding. His beloved son Michael has just come home from the war, but does not intend to become part of his father's business. Through Michael's life the nature of the family business becomes clear. The business of the family is just like the head of the family, kind and benevolent to those who give respect, but given to ruthless violence whenever anything stands against the good of the family.
        </div>
      </div>
    </div>
    <div
      class="p-scrollpanel-bar p-scrollpanel-bar-x"
    />
    <div
      class="p-scrollpanel-bar p-scrollpanel-bar-y"
    />
  </div>
</div>
`;

exports[`ScrollPanel refresh method 1`] = `
<div>
  <div
    class="p-scrollpanel p-component jest"
    id="scrollpanel"
    style="width: 100%; height: 200px;"
  >
    <div
      class="p-scrollpanel-wrapper"
    >
      <div
        class="p-scrollpanel-content"
      >
        <div
          style="padding: 1em; line-height: 1.5;"
        >
          The story begins as Don Vito Corleone, the head of a New York Mafia family, oversees his daughter's wedding. His beloved son Michael has just come home from the war, but does not intend to become part of his father's business. Through Michael's life the nature of the family business becomes clear. The business of the family is just like the head of the family, kind and benevolent to those who give respect, but given to ruthless violence whenever anything stands against the good of the family. The story begins as Don Vito Corleone, the head of a New York Mafia family, oversees his daughter's wedding. His beloved son Michael has just come home from the war, but does not intend to become part of his father's business. Through Michael's life the nature of the family business becomes clear. The business of the family is just like the head of the family, kind and benevolent to those who give respect, but given to ruthless violence whenever anything stands against the good of the family.
        </div>
      </div>
    </div>
    <div
      class="p-scrollpanel-bar p-scrollpanel-bar-x"
    />
    <div
      class="p-scrollpanel-bar p-scrollpanel-bar-y"
    />
  </div>
</div>
`;
