// Jest Snapshot v1, https://goo.gl/fbAQLP

exports[`Skeleton animation none 1`] = `
<div>
  <div
    class="p-skeleton p-component p-skeleton-none"
    style="width: 100%; height: 1rem;"
  />
</div>
`;

exports[`Skeleton animation wave 1`] = `
<div>
  <div
    class="p-skeleton p-component"
    style="width: 100%; height: 1rem;"
  />
</div>
`;

exports[`Skeleton border radius 1`] = `
<div>
  <div
    class="p-skeleton p-component"
    style="width: 100%; height: 1rem; border-radius: 16px;"
  />
</div>
`;

exports[`Skeleton border radius 2`] = `
<div>
  <div
    class="p-skeleton p-component"
    style="width: 100%; height: 1rem; border-radius: 16px;"
  />
</div>
`;

exports[`Skeleton default 1`] = `
<div>
  <div
    class="p-skeleton p-component"
    style="width: 100%; height: 1rem;"
  />
</div>
`;

exports[`Skeleton shape circle 1`] = `
<div>
  <div
    class="p-skeleton p-component p-skeleton-circle"
    style="width: 100%; height: 1rem;"
  />
</div>
`;

exports[`Skeleton shape rectangle 1`] = `
<div>
  <div
    class="p-skeleton p-component"
    style="width: 100%; height: 1rem;"
  />
</div>
`;

exports[`Skeleton size in pixels 1`] = `
<div>
  <div
    class="p-skeleton p-component"
    style="width: 50px; height: 50px;"
  />
</div>
`;

exports[`Skeleton size width and height 1`] = `
<div>
  <div
    class="p-skeleton p-component"
    style="width: 100%; height: 2rem;"
  />
</div>
`;
